<?xml version="1.0" encoding="UTF-8"?>
<TestRun id="2cbec4a6-c65b-42ab-acdb-b5d3acbf2e4d" name="Paolo.Possanzini@ARCHERSSD 2012-05-11 19:56:25" runUser="TEAMDEV\Paolo.Possanzini" xmlns="http://microsoft.com/schemas/VisualStudio/TeamTest/2010">
  <TestSettings name="Local" id="bb20c32e-9085-4f02-9c24-045208f34b57">
    <Description>These are default test settings for a local test run.</Description>
    <Deployment enabled="false" runDeploymentRoot="Paolo.Possanzini_ARCHERSSD 2012-05-11 19_56_25">
      <DeploymentItem filename="D:\Work\github\densodb\DeNSo.Meta\bin\Debug\DeNSo.Meta.dll" />
      <DeploymentItem filename="D:\Work\github\densodb\DeNSo.Core\bin\Debug\DeNSo.Core.dll" />
    </Deployment>
    <Execution>
      <TestTypeSpecific />
      <AgentRule name="Execution Agents">
      </AgentRule>
    </Execution>
  </TestSettings>
  <Times creation="2012-05-11T19:56:25.4578376+02:00" queuing="2012-05-11T19:56:26.5938376+02:00" start="2012-05-11T19:56:26.6888376+02:00" finish="2012-05-11T19:56:40.2678376+02:00" />
  <ResultSummary outcome="Completed">
    <Counters total="5" executed="5" passed="5" error="0" failed="0" timeout="0" aborted="0" inconclusive="0" passedButRunAborted="0" notRunnable="0" notExecuted="0" disconnected="0" warning="0" completed="0" inProgress="0" pending="0" />
  </ResultSummary>
  <TestDefinitions>
    <UnitTest name="SimpleEntityToBSonSerialized" storage="d:\work\github\densodb\denso.meta.tests\bin\debug\denso.meta.tests.dll" id="184a6d53-f5a1-dff0-6af2-cd4403f8f9a0">
      <Execution id="02be8742-82e1-4114-adb9-e6146fe69d3e" />
      <TestMethod codeBase="D:/Work/github/densodb/DeNSo.Meta.Tests/bin/Debug/DeNSo.Meta.Tests.DLL" adapterTypeName="Microsoft.VisualStudio.TestTools.TestTypes.Unit.UnitTestAdapter, Microsoft.VisualStudio.QualityTools.Tips.UnitTest.Adapter, Version=10.0.0.0, Culture=neutral, PublicKeyToken=b03f5f7f11d50a3a" className="DeNSo.Meta.Tests.BSonSerializerTests, DeNSo.Meta.Tests, Version=1.0.0.0, Culture=neutral, PublicKeyToken=null" name="SimpleEntityToBSonSerialized" />
    </UnitTest>
    <UnitTest name="SimpleEntityGenericArrayToBSonSerialized" storage="d:\work\github\densodb\denso.meta.tests\bin\debug\denso.meta.tests.dll" id="908427f2-4db0-ee70-1fe0-09910e755765">
      <Execution id="9d42afc4-41ca-4d5d-9284-9296b392a6c5" />
      <TestMethod codeBase="D:/Work/github/densodb/DeNSo.Meta.Tests/bin/Debug/DeNSo.Meta.Tests.DLL" adapterTypeName="Microsoft.VisualStudio.TestTools.TestTypes.Unit.UnitTestAdapter, Microsoft.VisualStudio.QualityTools.Tips.UnitTest.Adapter, Version=10.0.0.0, Culture=neutral, PublicKeyToken=b03f5f7f11d50a3a" className="DeNSo.Meta.Tests.BSonSerializerTests, DeNSo.Meta.Tests, Version=1.0.0.0, Culture=neutral, PublicKeyToken=null" name="SimpleEntityGenericArrayToBSonSerialized" />
    </UnitTest>
    <UnitTest name="SimpleEntityOjectArrayToBSonSerialized" storage="d:\work\github\densodb\denso.meta.tests\bin\debug\denso.meta.tests.dll" id="70bbb48c-86fe-774a-0f9c-59d3ecacc07d">
      <Execution id="4caf5fce-ac24-4ebf-af0c-1aaac41ef538" />
      <TestMethod codeBase="D:/Work/github/densodb/DeNSo.Meta.Tests/bin/Debug/DeNSo.Meta.Tests.DLL" adapterTypeName="Microsoft.VisualStudio.TestTools.TestTypes.Unit.UnitTestAdapter, Microsoft.VisualStudio.QualityTools.Tips.UnitTest.Adapter, Version=10.0.0.0, Culture=neutral, PublicKeyToken=b03f5f7f11d50a3a" className="DeNSo.Meta.Tests.BSonSerializerTests, DeNSo.Meta.Tests, Version=1.0.0.0, Culture=neutral, PublicKeyToken=null" name="SimpleEntityOjectArrayToBSonSerialized" />
    </UnitTest>
    <UnitTest name="SimpleEntityToBSon" storage="d:\work\github\densodb\denso.meta.tests\bin\debug\denso.meta.tests.dll" id="0cc82533-541d-177b-a52d-7f6912fb7e32">
      <Execution id="3a7eafb0-9838-447c-badc-09fbba2ac3ff" />
      <TestMethod codeBase="D:/Work/github/densodb/DeNSo.Meta.Tests/bin/Debug/DeNSo.Meta.Tests.DLL" adapterTypeName="Microsoft.VisualStudio.TestTools.TestTypes.Unit.UnitTestAdapter, Microsoft.VisualStudio.QualityTools.Tips.UnitTest.Adapter, Version=10.0.0.0, Culture=neutral, PublicKeyToken=b03f5f7f11d50a3a" className="DeNSo.Meta.Tests.BSonSerializerTests, DeNSo.Meta.Tests, Version=1.0.0.0, Culture=neutral, PublicKeyToken=null" name="SimpleEntityToBSon" />
    </UnitTest>
    <UnitTest name="SetSingleItemTest" storage="d:\work\github\densodb\denso.setget.tests\bin\debug\denso.setget.tests.dll" id="95e3f55f-53e2-0884-d5e5-f9bf8c02ec15">
      <Execution id="16068a55-9ecb-412b-92b8-8f540543d503" />
      <TestMethod codeBase="D:/Work/github/densodb/DeNSo.SetGet.Tests/bin/Debug/DeNSo.SetGet.Tests.DLL" adapterTypeName="Microsoft.VisualStudio.TestTools.TestTypes.Unit.UnitTestAdapter, Microsoft.VisualStudio.QualityTools.Tips.UnitTest.Adapter, Version=10.0.0.0, Culture=neutral, PublicKeyToken=b03f5f7f11d50a3a" className="DeNSo.SetGet.Tests.InProcessSetGetTests, DeNSo.SetGet.Tests, Version=1.0.0.0, Culture=neutral, PublicKeyToken=null" name="SetSingleItemTest" />
    </UnitTest>
  </TestDefinitions>
  <TestLists>
    <TestList name="Results Not in a List" id="8c84fa94-04c1-424b-9868-57a2d4851a1d" />
    <TestList name="All Loaded Results" id="19431567-8539-422a-85d7-44ee4e166bda" />
  </TestLists>
  <TestEntries>
    <TestEntry testId="0cc82533-541d-177b-a52d-7f6912fb7e32" executionId="3a7eafb0-9838-447c-badc-09fbba2ac3ff" testListId="8c84fa94-04c1-424b-9868-57a2d4851a1d" />
    <TestEntry testId="184a6d53-f5a1-dff0-6af2-cd4403f8f9a0" executionId="02be8742-82e1-4114-adb9-e6146fe69d3e" testListId="8c84fa94-04c1-424b-9868-57a2d4851a1d" />
    <TestEntry testId="70bbb48c-86fe-774a-0f9c-59d3ecacc07d" executionId="4caf5fce-ac24-4ebf-af0c-1aaac41ef538" testListId="8c84fa94-04c1-424b-9868-57a2d4851a1d" />
    <TestEntry testId="908427f2-4db0-ee70-1fe0-09910e755765" executionId="9d42afc4-41ca-4d5d-9284-9296b392a6c5" testListId="8c84fa94-04c1-424b-9868-57a2d4851a1d" />
    <TestEntry testId="95e3f55f-53e2-0884-d5e5-f9bf8c02ec15" executionId="16068a55-9ecb-412b-92b8-8f540543d503" testListId="8c84fa94-04c1-424b-9868-57a2d4851a1d" />
  </TestEntries>
  <Results>
    <UnitTestResult executionId="3a7eafb0-9838-447c-badc-09fbba2ac3ff" testId="0cc82533-541d-177b-a52d-7f6912fb7e32" testName="SimpleEntityToBSon" computerName="ARCHERSSD" duration="00:00:00.0320204" startTime="2012-05-11T19:56:26.7778376+02:00" endTime="2012-05-11T19:56:27.9158376+02:00" testType="13cdc9d9-ddb5-4fa4-a97d-d965ccfc6d4b" outcome="Passed" testListId="8c84fa94-04c1-424b-9868-57a2d4851a1d" relativeResultsDirectory="3a7eafb0-9838-447c-badc-09fbba2ac3ff">
    </UnitTestResult>
    <UnitTestResult executionId="02be8742-82e1-4114-adb9-e6146fe69d3e" testId="184a6d53-f5a1-dff0-6af2-cd4403f8f9a0" testName="SimpleEntityToBSonSerialized" computerName="ARCHERSSD" duration="00:00:00.0030401" startTime="2012-05-11T19:56:27.9238376+02:00" endTime="2012-05-11T19:56:27.9338376+02:00" testType="13cdc9d9-ddb5-4fa4-a97d-d965ccfc6d4b" outcome="Passed" testListId="8c84fa94-04c1-424b-9868-57a2d4851a1d" relativeResultsDirectory="02be8742-82e1-4114-adb9-e6146fe69d3e">
    </UnitTestResult>
    <UnitTestResult executionId="4caf5fce-ac24-4ebf-af0c-1aaac41ef538" testId="70bbb48c-86fe-774a-0f9c-59d3ecacc07d" testName="SimpleEntityOjectArrayToBSonSerialized" computerName="ARCHERSSD" duration="00:00:00.0006383" startTime="2012-05-11T19:56:27.9398376+02:00" endTime="2012-05-11T19:56:27.9438376+02:00" testType="13cdc9d9-ddb5-4fa4-a97d-d965ccfc6d4b" outcome="Passed" testListId="8c84fa94-04c1-424b-9868-57a2d4851a1d" relativeResultsDirectory="4caf5fce-ac24-4ebf-af0c-1aaac41ef538">
    </UnitTestResult>
    <UnitTestResult executionId="9d42afc4-41ca-4d5d-9284-9296b392a6c5" testId="908427f2-4db0-ee70-1fe0-09910e755765" testName="SimpleEntityGenericArrayToBSonSerialized" computerName="ARCHERSSD" duration="00:00:00.0011650" startTime="2012-05-11T19:56:27.9498376+02:00" endTime="2012-05-11T19:56:27.9548376+02:00" testType="13cdc9d9-ddb5-4fa4-a97d-d965ccfc6d4b" outcome="Passed" testListId="8c84fa94-04c1-424b-9868-57a2d4851a1d" relativeResultsDirectory="9d42afc4-41ca-4d5d-9284-9296b392a6c5">
    </UnitTestResult>
    <UnitTestResult executionId="16068a55-9ecb-412b-92b8-8f540543d503" testId="95e3f55f-53e2-0884-d5e5-f9bf8c02ec15" testName="SetSingleItemTest" computerName="ARCHERSSD" duration="00:00:11.1477789" startTime="2012-05-11T19:56:27.9638376+02:00" endTime="2012-05-11T19:56:40.1838376+02:00" testType="13cdc9d9-ddb5-4fa4-a97d-d965ccfc6d4b" outcome="Passed" testListId="8c84fa94-04c1-424b-9868-57a2d4851a1d" relativeResultsDirectory="16068a55-9ecb-412b-92b8-8f540543d503">
      <Output>
        <DebugTrace>Collection was modified; enumeration operation may not execute.
</DebugTrace>
      </Output>
    </UnitTestResult>
  </Results>
</TestRun>